   0.000s  log opened
   0.000s  args: {'connect': '/dev/ttyAMA0', 'baud': 57600, 'alt': 3.0, 'hold': 20.0, 'rate': 10.0, 'pos_filter_tc': 0.3, 'force_arm': True, 'log_dir': None}
   0.012s  Heartbeat sys 1
   0.352s  State ok. alt=+0.01 yaw=+156.8 deg start_pos=(2.69,1.02)
   0.433s  [ACK] cmd=511 MAV_RESULT_ACCEPTED
   0.433s  [ACK] cmd=511 MAV_RESULT_ACCEPTED
   0.433s  [AP] Field Elevation Set: 0m
   0.433s  [ACK] cmd=176 MAV_RESULT_ACCEPTED
   0.433s  Mode confirmed: GUIDED
   0.433s  Arming (GUIDED, force=True) ...
   0.484s  [ACK] cmd=400 MAV_RESULT_ACCEPTED
   0.986s  armed state changed: False -> True
   1.036s  Armed.
   1.036s  Commanding MAV_CMD_NAV_TAKEOFF to 3.0m ...
   1.087s  [ACK] cmd=22 MAV_RESULT_ACCEPTED
   5.906s  [AP] EKF3 IMU0 MAG0 in-flight yaw alignment complete
   6.007s  Reached target altitude: alt=2.71
  26.007s  Landing (LAND mode) ...
  26.028s  [ACK] cmd=176 MAV_RESULT_ACCEPTED
  26.028s  Mode confirmed: LAND
  30.942s  armed state changed: True -> False
  30.943s  [AP] Field Elevation Set: 0m
  31.043s  Done.
  31.043s  log closed (normal exit)
