   0.000s  log opened
   0.000s  args: {'connect': '/dev/ttyAMA0', 'baud': 57600, 'alt': 3.0, 'hold': 20.0, 'rate': 10.0, 'pos_filter_tc': 0.3, 'force_arm': True, 'log_dir': None}
   0.163s  Heartbeat sys 1
   0.465s  [AP] Field Elevation Set: 0m
   0.471s  State ok. alt=+0.04 yaw=+156.0 deg start_pos=(3.19,0.37)
   0.593s  [ACK] cmd=511 MAV_RESULT_ACCEPTED
   0.593s  [ACK] cmd=511 MAV_RESULT_ACCEPTED
   0.593s  Mode confirmed: GUIDED
   0.593s  Arming (GUIDED, force=True) ...
   0.643s  [ACK] cmd=400 MAV_RESULT_ACCEPTED
   1.045s  armed state changed: False -> True
   1.096s  Armed.
   1.096s  Commanding MAV_CMD_NAV_TAKEOFF to 3.0m ...
   1.146s  [ACK] cmd=22 MAV_RESULT_ACCEPTED
   5.965s  [AP] EKF3 IMU0 MAG0 in-flight yaw alignment complete
   6.116s  Reached target altitude: alt=2.72
  26.116s  Landing (LAND mode) ...
  26.136s  [ACK] cmd=176 MAV_RESULT_ACCEPTED
  26.137s  Mode confirmed: LAND
  33.761s  [AP] Field Elevation Set: 0m
  33.962s  armed state changed: True -> False
  34.062s  Done.
  34.062s  log closed (normal exit)
